
> trendstore-angular@1.0.0 start
> ng serve --host 127.0.0.1 --port 4200

[33m>[39m Building...
[32m√[39m Building...
[1mInitial chunk files[22m[2m | [22m[1mNames[22m                   [2m | [22m [1mRaw size[22m
[32mmain.js[39m            [2m | [22m[2mmain[22m                    [2m | [22m [36m25.91 kB[39m[2m | [22m
[32mstyles.css[39m         [2m | [22m[2mstyles[22m                  [2m | [22m  [36m3.45 kB[39m[2m | [22m
[32mchunk-JTUL3M7F.js[39m  [2m | [22m[2m-[22m                       [2m | [22m  [36m1.97 kB[39m[2m | [22m
[32mchunk-OYRH3BGI.js[39m  [2m | [22m[2m-[22m                       [2m | [22m  [36m1.16 kB[39m[2m | [22m
[32mchunk-VUJOFXKG.js[39m  [2m | [22m[2m-[22m                       [2m | [22m[36m938 bytes[39m[2m | [22m
[32mpolyfills.js[39m       [2m | [22m[2mpolyfills[22m               [2m | [22m [36m95 bytes[39m[2m | [22m

[1m [22m                  [2m | [22m[1mInitial total[22m           [2m | [22m [1m33.52 kB[22m

[1mLazy chunk files[22m   [2m | [22m[1mNames[22m                   [2m | [22m [1mRaw size[22m
[32mchunk-E6EZP5FK.js[39m  [2m | [22m[2madmin-component[22m         [2m | [22m [36m42.38 kB[39m[2m | [22m
[32mchunk-VQ2H2C63.js[39m  [2m | [22m[2mcheckout-component[22m      [2m | [22m [36m21.21 kB[39m[2m | [22m
[32mchunk-RC4YOFFW.js[39m  [2m | [22m[2mproduct-detail-component[22m[2m | [22m [36m20.70 kB[39m[2m | [22m
[32mchunk-4KUCVXQW.js[39m  [2m | [22m[2m-[22m                       [2m | [22m [36m19.65 kB[39m[2m | [22m
[32mchunk-TZQCY3KJ.js[39m  [2m | [22m[2mcart-component[22m          [2m | [22m [36m17.51 kB[39m[2m | [22m
[32mchunk-AXDUOAYW.js[39m  [2m | [22m[2mhome-component[22m          [2m | [22m [36m14.81 kB[39m[2m | [22m
[32mchunk-7ZJTK5OX.js[39m  [2m | [22m[2mcatalog-component[22m       [2m | [22m  [36m9.25 kB[39m[2m | [22m
[32mchunk-CWRI7OL4.js[39m  [2m | [22m[2mconfirm-component[22m       [2m | [22m  [36m8.56 kB[39m[2m | [22m
[32mchunk-JXC7FOMN.js[39m  [2m | [22m[2mlogin-component[22m         [2m | [22m  [36m8.15 kB[39m[2m | [22m
[32mchunk-P6BCIO3S.js[39m  [2m | [22m[2mregister-component[22m      [2m | [22m  [36m8.01 kB[39m[2m | [22m
[32mchunk-JDNX4HU2.js[39m  [2m | [22m[2m-[22m                       [2m | [22m  [36m4.53 kB[39m[2m | [22m

Application bundle generation complete. [2.947 seconds] - 2026-05-01T22:48:10.176Z

Watch mode enabled. Watching for file changes...
NOTE: Raw file sizes do not reflect development server per-request transformations.
  [32m➜[39m  [1mLocal[22m:   [36mhttp://127.0.0.1:[1m4200[22m/[39m
